app/api/instagram/generate-caption/route.ts(64,33): error TS2304: Cannot find name 'context'.
app/api/instagram/generate-caption/route.ts(65,50): error TS2304: Cannot find name 'context'.
utils/hooks/useUserProfile.ts(55,31): error TS2339: Property 'user_metadata' does not exist on type 'AuthUser'.
utils/hooks/useUserProfile.ts(56,32): error TS2339: Property 'user_metadata' does not exist on type 'AuthUser'.
